
├─┬ a/b/
│ ├── c
│ ├── c2
│ └── c3/d
├─┬ x/
│ ├── y2
│ └── y/z
└── w/w/w
